Hello from real_search.py!